// Jest Snapshot v1, https://goo.gl/fbAQLP

exports[`Pruebas en el archivo AddCategory  debe mostrar el componente correctamente  1`] = `
<form
  className="add-category__form"
  onSubmit={[Function]}
>
  <input
    onChange={[Function]}
    placeholder="Add a category"
    type="text"
    value=""
  />
</form>
`;
