// Jest Snapshot v1, https://goo.gl/fbAQLP

exports[`Pruebas para <GifGridItem /> debe mostrar el componente correctamente 1`] = `
<div
  className="card animate__animated animate__fadeIn"
>
  <img
    alt="Titulo del GIF"
    src="https://localhost/algo.jpg"
  />
  <p>
    Titulo del GIF
  </p>
</div>
`;
